/225010117/code/learn_wm/stable_worldmodel/envs/__init__.py:215: UserWarning: ale-py not found; ALE/* envs are unavailable. Install with: pip install 'stable-worldmodel[env]' or pip install ale-py.
  from stable_worldmodel.envs import ale  # noqa: F401
14:34:00 | INFO  | utils.py    | Loading checkpoint from folder /225010117/stablewm/checkpoints/pd_d192_k3_eval...
/225010117/code/learn_wm/stable_worldmodel/wm/utils.py:81: FutureWarning: You are using `torch.load` with `weights_only=False` (the current default value), which uses the default pickle module implicitly. It is possible to construct malicious pickle data which will execute arbitrary code during unpickling (See https://github.com/pytorch/pytorch/blob/main/SECURITY.md#untrusted-models for more details). In a future release, the default value for `weights_only` will be flipped to `True`. This limits the functions that could be executed during unpickling. Arbitrary objects will no longer be allowed to be loaded via this mode unless they are explicitly allowlisted by the user via `torch.serialization.add_safe_globals`. We recommend you start setting `weights_only=True` for any use case where you don't have full control of the loaded file. Please open an issue on GitHub for any issues related to this experimental feature.
  state_dict = torch.load(checkpoint_path, map_location='cpu')
14:34:05 | INFO  | atomic_chec~| [atomic_save] installed crash-safe checkpoint plugin (write to sibling .tmp + fsync + atomic rename)
14:34:05 | INFO  | utils.py    | Created ViT-tiny from scratch with config: {'hidden_size': 192, 'num_hidden_layers': 12, 'num_attention_heads': 3, 'intermediate_size': 768, 'image_size': 224, 'patch_size': 14}
[2026-07-20 14:34:09,361][root][INFO] - Cached 'action' from '/225010117/data/pusht_expert_train.h5'
[2026-07-20 14:34:09,995][root][INFO] - Cached 'proprio' from '/225010117/data/pusht_expert_train.h5'
[2026-07-20 14:34:10,518][root][INFO] - Cached 'state' from '/225010117/data/pusht_expert_train.h5'
[1/240] state=(3, 256, 192) goal=(1, 256, 192)
[2/240] state=(3, 256, 192) goal=(1, 256, 192)
[3/240] state=(3, 256, 192) goal=(1, 256, 192)
[4/240] state=(3, 256, 192) goal=(1, 256, 192)
[5/240] state=(3, 256, 192) goal=(1, 256, 192)
[6/240] state=(3, 256, 192) goal=(1, 256, 192)
[7/240] state=(3, 256, 192) goal=(1, 256, 192)
[8/240] state=(3, 256, 192) goal=(1, 256, 192)
[9/240] state=(3, 256, 192) goal=(1, 256, 192)
[10/240] state=(3, 256, 192) goal=(1, 256, 192)
[11/240] state=(3, 256, 192) goal=(1, 256, 192)
[12/240] state=(3, 256, 192) goal=(1, 256, 192)
[13/240] state=(3, 256, 192) goal=(1, 256, 192)
[14/240] state=(3, 256, 192) goal=(1, 256, 192)
[15/240] state=(3, 256, 192) goal=(1, 256, 192)
[16/240] state=(3, 256, 192) goal=(1, 256, 192)
[17/240] state=(3, 256, 192) goal=(1, 256, 192)
[18/240] state=(3, 256, 192) goal=(1, 256, 192)
[19/240] state=(3, 256, 192) goal=(1, 256, 192)
[20/240] state=(3, 256, 192) goal=(1, 256, 192)
[21/240] state=(3, 256, 192) goal=(1, 256, 192)
[22/240] state=(3, 256, 192) goal=(1, 256, 192)
[23/240] state=(3, 256, 192) goal=(1, 256, 192)
[24/240] state=(3, 256, 192) goal=(1, 256, 192)
[25/240] state=(3, 256, 192) goal=(1, 256, 192)
[26/240] state=(3, 256, 192) goal=(1, 256, 192)
[27/240] state=(3, 256, 192) goal=(1, 256, 192)
[28/240] state=(3, 256, 192) goal=(1, 256, 192)
[29/240] state=(3, 256, 192) goal=(1, 256, 192)
[30/240] state=(3, 256, 192) goal=(1, 256, 192)
[31/240] state=(3, 256, 192) goal=(1, 256, 192)
[32/240] state=(3, 256, 192) goal=(1, 256, 192)
[33/240] state=(3, 256, 192) goal=(1, 256, 192)
[34/240] state=(3, 256, 192) goal=(1, 256, 192)
[35/240] state=(3, 256, 192) goal=(1, 256, 192)
[36/240] state=(3, 256, 192) goal=(1, 256, 192)
[37/240] state=(3, 256, 192) goal=(1, 256, 192)
[38/240] state=(3, 256, 192) goal=(1, 256, 192)
[39/240] state=(3, 256, 192) goal=(1, 256, 192)
[40/240] state=(3, 256, 192) goal=(1, 256, 192)
[41/240] state=(3, 256, 192) goal=(1, 256, 192)
[42/240] state=(3, 256, 192) goal=(1, 256, 192)
[43/240] state=(3, 256, 192) goal=(1, 256, 192)
[44/240] state=(3, 256, 192) goal=(1, 256, 192)
[45/240] state=(3, 256, 192) goal=(1, 256, 192)
[46/240] state=(3, 256, 192) goal=(1, 256, 192)
[47/240] state=(3, 256, 192) goal=(1, 256, 192)
[48/240] state=(3, 256, 192) goal=(1, 256, 192)
[49/240] state=(3, 256, 192) goal=(1, 256, 192)
[50/240] state=(3, 256, 192) goal=(1, 256, 192)
[51/240] state=(3, 256, 192) goal=(1, 256, 192)
[52/240] state=(3, 256, 192) goal=(1, 256, 192)
[53/240] state=(3, 256, 192) goal=(1, 256, 192)
[54/240] state=(3, 256, 192) goal=(1, 256, 192)
[55/240] state=(3, 256, 192) goal=(1, 256, 192)
[56/240] state=(3, 256, 192) goal=(1, 256, 192)
[57/240] state=(3, 256, 192) goal=(1, 256, 192)
[58/240] state=(3, 256, 192) goal=(1, 256, 192)
[59/240] state=(3, 256, 192) goal=(1, 256, 192)
[60/240] state=(3, 256, 192) goal=(1, 256, 192)
[61/240] state=(3, 256, 192) goal=(1, 256, 192)
[62/240] state=(3, 256, 192) goal=(1, 256, 192)
[63/240] state=(3, 256, 192) goal=(1, 256, 192)
[64/240] state=(3, 256, 192) goal=(1, 256, 192)
[65/240] state=(3, 256, 192) goal=(1, 256, 192)
[66/240] state=(3, 256, 192) goal=(1, 256, 192)
[67/240] state=(3, 256, 192) goal=(1, 256, 192)
[68/240] state=(3, 256, 192) goal=(1, 256, 192)
[69/240] state=(3, 256, 192) goal=(1, 256, 192)
[70/240] state=(3, 256, 192) goal=(1, 256, 192)
[71/240] state=(3, 256, 192) goal=(1, 256, 192)
[72/240] state=(3, 256, 192) goal=(1, 256, 192)
[73/240] state=(3, 256, 192) goal=(1, 256, 192)
[74/240] state=(3, 256, 192) goal=(1, 256, 192)
[75/240] state=(3, 256, 192) goal=(1, 256, 192)
[76/240] state=(3, 256, 192) goal=(1, 256, 192)
[77/240] state=(3, 256, 192) goal=(1, 256, 192)
[78/240] state=(3, 256, 192) goal=(1, 256, 192)
[79/240] state=(3, 256, 192) goal=(1, 256, 192)
[80/240] state=(3, 256, 192) goal=(1, 256, 192)
[81/240] state=(3, 256, 192) goal=(1, 256, 192)
[82/240] state=(3, 256, 192) goal=(1, 256, 192)
[83/240] state=(3, 256, 192) goal=(1, 256, 192)
[84/240] state=(3, 256, 192) goal=(1, 256, 192)
[85/240] state=(3, 256, 192) goal=(1, 256, 192)
[86/240] state=(3, 256, 192) goal=(1, 256, 192)
[87/240] state=(3, 256, 192) goal=(1, 256, 192)
[88/240] state=(3, 256, 192) goal=(1, 256, 192)
[89/240] state=(3, 256, 192) goal=(1, 256, 192)
[90/240] state=(3, 256, 192) goal=(1, 256, 192)
[91/240] state=(3, 256, 192) goal=(1, 256, 192)
[92/240] state=(3, 256, 192) goal=(1, 256, 192)
[93/240] state=(3, 256, 192) goal=(1, 256, 192)
[94/240] state=(3, 256, 192) goal=(1, 256, 192)
[95/240] state=(3, 256, 192) goal=(1, 256, 192)
[96/240] state=(3, 256, 192) goal=(1, 256, 192)
[97/240] state=(3, 256, 192) goal=(1, 256, 192)
[98/240] state=(3, 256, 192) goal=(1, 256, 192)
[99/240] state=(3, 256, 192) goal=(1, 256, 192)
[100/240] state=(3, 256, 192) goal=(1, 256, 192)
[101/240] state=(3, 256, 192) goal=(1, 256, 192)
[102/240] state=(3, 256, 192) goal=(1, 256, 192)
[103/240] state=(3, 256, 192) goal=(1, 256, 192)
[104/240] state=(3, 256, 192) goal=(1, 256, 192)
[105/240] state=(3, 256, 192) goal=(1, 256, 192)
[106/240] state=(3, 256, 192) goal=(1, 256, 192)
[107/240] state=(3, 256, 192) goal=(1, 256, 192)
[108/240] state=(3, 256, 192) goal=(1, 256, 192)
[109/240] state=(3, 256, 192) goal=(1, 256, 192)
[110/240] state=(3, 256, 192) goal=(1, 256, 192)
[111/240] state=(3, 256, 192) goal=(1, 256, 192)
[112/240] state=(3, 256, 192) goal=(1, 256, 192)
[113/240] state=(3, 256, 192) goal=(1, 256, 192)
[114/240] state=(3, 256, 192) goal=(1, 256, 192)
[115/240] state=(3, 256, 192) goal=(1, 256, 192)
[116/240] state=(3, 256, 192) goal=(1, 256, 192)
[117/240] state=(3, 256, 192) goal=(1, 256, 192)
[118/240] state=(3, 256, 192) goal=(1, 256, 192)
[119/240] state=(3, 256, 192) goal=(1, 256, 192)
[120/240] state=(3, 256, 192) goal=(1, 256, 192)
[121/240] state=(3, 256, 192) goal=(1, 256, 192)
[122/240] state=(3, 256, 192) goal=(1, 256, 192)
[123/240] state=(3, 256, 192) goal=(1, 256, 192)
[124/240] state=(3, 256, 192) goal=(1, 256, 192)
[125/240] state=(3, 256, 192) goal=(1, 256, 192)
[126/240] state=(3, 256, 192) goal=(1, 256, 192)
[127/240] state=(3, 256, 192) goal=(1, 256, 192)
[128/240] state=(3, 256, 192) goal=(1, 256, 192)
[129/240] state=(3, 256, 192) goal=(1, 256, 192)
[130/240] state=(3, 256, 192) goal=(1, 256, 192)
[131/240] state=(3, 256, 192) goal=(1, 256, 192)
[132/240] state=(3, 256, 192) goal=(1, 256, 192)
[133/240] state=(3, 256, 192) goal=(1, 256, 192)
[134/240] state=(3, 256, 192) goal=(1, 256, 192)
[135/240] state=(3, 256, 192) goal=(1, 256, 192)
[136/240] state=(3, 256, 192) goal=(1, 256, 192)
[137/240] state=(3, 256, 192) goal=(1, 256, 192)
[138/240] state=(3, 256, 192) goal=(1, 256, 192)
[139/240] state=(3, 256, 192) goal=(1, 256, 192)
[140/240] state=(3, 256, 192) goal=(1, 256, 192)
[141/240] state=(3, 256, 192) goal=(1, 256, 192)
[142/240] state=(3, 256, 192) goal=(1, 256, 192)
[143/240] state=(3, 256, 192) goal=(1, 256, 192)
[144/240] state=(3, 256, 192) goal=(1, 256, 192)
[145/240] state=(3, 256, 192) goal=(1, 256, 192)
[146/240] state=(3, 256, 192) goal=(1, 256, 192)
[147/240] state=(3, 256, 192) goal=(1, 256, 192)
[148/240] state=(3, 256, 192) goal=(1, 256, 192)
[149/240] state=(3, 256, 192) goal=(1, 256, 192)
[150/240] state=(3, 256, 192) goal=(1, 256, 192)
[151/240] state=(3, 256, 192) goal=(1, 256, 192)
[152/240] state=(3, 256, 192) goal=(1, 256, 192)
[153/240] state=(3, 256, 192) goal=(1, 256, 192)
[154/240] state=(3, 256, 192) goal=(1, 256, 192)
[155/240] state=(3, 256, 192) goal=(1, 256, 192)
[156/240] state=(3, 256, 192) goal=(1, 256, 192)
[157/240] state=(3, 256, 192) goal=(1, 256, 192)
[158/240] state=(3, 256, 192) goal=(1, 256, 192)
[159/240] state=(3, 256, 192) goal=(1, 256, 192)
[160/240] state=(3, 256, 192) goal=(1, 256, 192)
[161/240] state=(3, 256, 192) goal=(1, 256, 192)
[162/240] state=(3, 256, 192) goal=(1, 256, 192)
[163/240] state=(3, 256, 192) goal=(1, 256, 192)
[164/240] state=(3, 256, 192) goal=(1, 256, 192)
[165/240] state=(3, 256, 192) goal=(1, 256, 192)
[166/240] state=(3, 256, 192) goal=(1, 256, 192)
[167/240] state=(3, 256, 192) goal=(1, 256, 192)
[168/240] state=(3, 256, 192) goal=(1, 256, 192)
[169/240] state=(3, 256, 192) goal=(1, 256, 192)
[170/240] state=(3, 256, 192) goal=(1, 256, 192)
[171/240] state=(3, 256, 192) goal=(1, 256, 192)
[172/240] state=(3, 256, 192) goal=(1, 256, 192)
[173/240] state=(3, 256, 192) goal=(1, 256, 192)
[174/240] state=(3, 256, 192) goal=(1, 256, 192)
[175/240] state=(3, 256, 192) goal=(1, 256, 192)
[176/240] state=(3, 256, 192) goal=(1, 256, 192)
[177/240] state=(3, 256, 192) goal=(1, 256, 192)
[178/240] state=(3, 256, 192) goal=(1, 256, 192)
[179/240] state=(3, 256, 192) goal=(1, 256, 192)
[180/240] state=(3, 256, 192) goal=(1, 256, 192)
[181/240] state=(3, 256, 192) goal=(1, 256, 192)
[182/240] state=(3, 256, 192) goal=(1, 256, 192)
[183/240] state=(3, 256, 192) goal=(1, 256, 192)
[184/240] state=(3, 256, 192) goal=(1, 256, 192)
[185/240] state=(3, 256, 192) goal=(1, 256, 192)
[186/240] state=(3, 256, 192) goal=(1, 256, 192)
[187/240] state=(3, 256, 192) goal=(1, 256, 192)
[188/240] state=(3, 256, 192) goal=(1, 256, 192)
[189/240] state=(3, 256, 192) goal=(1, 256, 192)
[190/240] state=(3, 256, 192) goal=(1, 256, 192)
[191/240] state=(3, 256, 192) goal=(1, 256, 192)
[192/240] state=(3, 256, 192) goal=(1, 256, 192)
[193/240] state=(3, 256, 192) goal=(1, 256, 192)
[194/240] state=(3, 256, 192) goal=(1, 256, 192)
[195/240] state=(3, 256, 192) goal=(1, 256, 192)
[196/240] state=(3, 256, 192) goal=(1, 256, 192)
[197/240] state=(3, 256, 192) goal=(1, 256, 192)
[198/240] state=(3, 256, 192) goal=(1, 256, 192)
[199/240] state=(3, 256, 192) goal=(1, 256, 192)
[200/240] state=(3, 256, 192) goal=(1, 256, 192)
[201/240] state=(3, 256, 192) goal=(1, 256, 192)
[202/240] state=(3, 256, 192) goal=(1, 256, 192)
[203/240] state=(3, 256, 192) goal=(1, 256, 192)
[204/240] state=(3, 256, 192) goal=(1, 256, 192)
[205/240] state=(3, 256, 192) goal=(1, 256, 192)
[206/240] state=(3, 256, 192) goal=(1, 256, 192)
[207/240] state=(3, 256, 192) goal=(1, 256, 192)
[208/240] state=(3, 256, 192) goal=(1, 256, 192)
[209/240] state=(3, 256, 192) goal=(1, 256, 192)
[210/240] state=(3, 256, 192) goal=(1, 256, 192)
[211/240] state=(3, 256, 192) goal=(1, 256, 192)
[212/240] state=(3, 256, 192) goal=(1, 256, 192)
[213/240] state=(3, 256, 192) goal=(1, 256, 192)
[214/240] state=(3, 256, 192) goal=(1, 256, 192)
[215/240] state=(3, 256, 192) goal=(1, 256, 192)
[216/240] state=(3, 256, 192) goal=(1, 256, 192)
[217/240] state=(3, 256, 192) goal=(1, 256, 192)
[218/240] state=(3, 256, 192) goal=(1, 256, 192)
[219/240] state=(3, 256, 192) goal=(1, 256, 192)
[220/240] state=(3, 256, 192) goal=(1, 256, 192)
[221/240] state=(3, 256, 192) goal=(1, 256, 192)
[222/240] state=(3, 256, 192) goal=(1, 256, 192)
[223/240] state=(3, 256, 192) goal=(1, 256, 192)
[224/240] state=(3, 256, 192) goal=(1, 256, 192)
[225/240] state=(3, 256, 192) goal=(1, 256, 192)
[226/240] state=(3, 256, 192) goal=(1, 256, 192)
[227/240] state=(3, 256, 192) goal=(1, 256, 192)
[228/240] state=(3, 256, 192) goal=(1, 256, 192)
[229/240] state=(3, 256, 192) goal=(1, 256, 192)
[230/240] state=(3, 256, 192) goal=(1, 256, 192)
[231/240] state=(3, 256, 192) goal=(1, 256, 192)
[232/240] state=(3, 256, 192) goal=(1, 256, 192)
[233/240] state=(3, 256, 192) goal=(1, 256, 192)
[234/240] state=(3, 256, 192) goal=(1, 256, 192)
[235/240] state=(3, 256, 192) goal=(1, 256, 192)
[236/240] state=(3, 256, 192) goal=(1, 256, 192)
[237/240] state=(3, 256, 192) goal=(1, 256, 192)
[238/240] state=(3, 256, 192) goal=(1, 256, 192)
[239/240] state=(3, 256, 192) goal=(1, 256, 192)
[240/240] state=(3, 256, 192) goal=(1, 256, 192)
dense token cache -> /225010117/logs/dense_token_gate_a100_20260720/h5_dense_tokens.npz
{
  "dataset": "/225010117/data/pusht_expert_train.h5",
  "goal_shape": [
    1,
    256,
    192
  ],
  "grid_size": 16,
  "max_goal_mismatch": 0.0,
  "max_state_mismatch": 0.0,
  "policy": "pd_d192_k3_eval",
  "rows": 240,
  "source": "/225010117/logs/operator_query_bank_a100_20260720/h5_off40_k3_n240_merged_v1.npz",
  "source_sha256": "845a1f15e14af2e7fa672c176af5d4efee455d2f96ea28f2d7944cab48a99ca1",
  "state_shape": [
    3,
    256,
    192
  ],
  "version": 1
}
