/225010117/code/learn_wm/stable_worldmodel/envs/__init__.py:215: UserWarning: ale-py not found; ALE/* envs are unavailable. Install with: pip install 'stable-worldmodel[env]' or pip install ale-py.
  from stable_worldmodel.envs import ale  # noqa: F401
16:21:19 | INFO  | utils.py    | Loading checkpoint from folder /225010117/stablewm/checkpoints/pd_d192_k3_eval...
/225010117/code/learn_wm/stable_worldmodel/wm/utils.py:81: FutureWarning: You are using `torch.load` with `weights_only=False` (the current default value), which uses the default pickle module implicitly. It is possible to construct malicious pickle data which will execute arbitrary code during unpickling (See https://github.com/pytorch/pytorch/blob/main/SECURITY.md#untrusted-models for more details). In a future release, the default value for `weights_only` will be flipped to `True`. This limits the functions that could be executed during unpickling. Arbitrary objects will no longer be allowed to be loaded via this mode unless they are explicitly allowlisted by the user via `torch.serialization.add_safe_globals`. We recommend you start setting `weights_only=True` for any use case where you don't have full control of the loaded file. Please open an issue on GitHub for any issues related to this experimental feature.
  state_dict = torch.load(checkpoint_path, map_location='cpu')
16:21:24 | INFO  | atomic_chec~| [atomic_save] installed crash-safe checkpoint plugin (write to sibling .tmp + fsync + atomic rename)
16:21:24 | INFO  | utils.py    | Created ViT-tiny from scratch with config: {'hidden_size': 192, 'num_hidden_layers': 12, 'num_attention_heads': 3, 'intermediate_size': 768, 'image_size': 224, 'patch_size': 14}
16:21:24 | INFO  | utils.py    | Loading checkpoint from folder /225010117/stablewm/checkpoints/pd_d192_k10_eval...
/225010117/code/learn_wm/stable_worldmodel/wm/utils.py:81: FutureWarning: You are using `torch.load` with `weights_only=False` (the current default value), which uses the default pickle module implicitly. It is possible to construct malicious pickle data which will execute arbitrary code during unpickling (See https://github.com/pytorch/pytorch/blob/main/SECURITY.md#untrusted-models for more details). In a future release, the default value for `weights_only` will be flipped to `True`. This limits the functions that could be executed during unpickling. Arbitrary objects will no longer be allowed to be loaded via this mode unless they are explicitly allowlisted by the user via `torch.serialization.add_safe_globals`. We recommend you start setting `weights_only=True` for any use case where you don't have full control of the loaded file. Please open an issue on GitHub for any issues related to this experimental feature.
  state_dict = torch.load(checkpoint_path, map_location='cpu')
16:21:25 | INFO  | utils.py    | Created ViT-tiny from scratch with config: {'hidden_size': 192, 'num_hidden_layers': 12, 'num_attention_heads': 3, 'intermediate_size': 768, 'image_size': 224, 'patch_size': 14}
[2026-07-20 16:21:25,287][root][INFO] - Cached 'action' from '/225010117/data/pusht_expert_train.h5'
[2026-07-20 16:21:25,325][root][INFO] - Cached 'proprio' from '/225010117/data/pusht_expert_train.h5'
[2026-07-20 16:21:25,383][root][INFO] - Cached 'state' from '/225010117/data/pusht_expert_train.h5'
[source=3 local=1/3] k3_1x300 round=1/3 min=89.58 coverage=0 branches=1 elapsed=0.4m
[source=3 local=1/3] k3_1x300 round=2/3 min=82.86 coverage=0 branches=1 elapsed=0.7m
[source=3 local=1/3] k3_1x300 round=3/3 min=111.71 coverage=0 branches=1 elapsed=1.1m
[source=3 local=1/3] k3_2x150 round=1/3 min=107.43 coverage=0 branches=2 elapsed=1.4m
[source=3 local=1/3] k3_2x150 round=2/3 min=96.49 coverage=0 branches=2 elapsed=1.8m
[source=3 local=1/3] k3_2x150 round=3/3 min=116.21 coverage=0 branches=2 elapsed=2.1m
[source=3 local=1/3] bp_matched round=1/3 min=77.93 coverage=0 branches=2 elapsed=2.3m
[source=3 local=1/3] bp_matched round=2/3 min=83.66 coverage=0 branches=2 elapsed=2.5m
[source=3 local=1/3] bp_matched round=3/3 min=99.16 coverage=0 branches=2 elapsed=2.7m
[source=3 local=1/3] bp_full round=1/3 min=78.29 coverage=0 branches=2 elapsed=3.0m
[source=3 local=1/3] bp_full round=2/3 min=88.98 coverage=0 branches=2 elapsed=3.4m
[source=3 local=1/3] bp_full round=3/3 min=86.41 coverage=0 branches=2 elapsed=3.7m
[source=4 local=2/3] k3_1x300 round=1/3 min=6.91 coverage=1 branches=1 elapsed=4.0m
[source=4 local=2/3] k3_1x300 round=2/3 min=6.84 coverage=1 branches=1 elapsed=4.3m
[source=4 local=2/3] k3_1x300 round=3/3 min=5.93 coverage=1 branches=1 elapsed=4.5m
[source=4 local=2/3] k3_2x150 round=1/3 min=7.83 coverage=1 branches=2 elapsed=4.8m
[source=4 local=2/3] k3_2x150 round=2/3 min=3.65 coverage=1 branches=2 elapsed=5.1m
[source=4 local=2/3] k3_2x150 round=3/3 min=6.24 coverage=1 branches=2 elapsed=5.4m
[source=4 local=2/3] bp_matched round=1/3 min=8.52 coverage=1 branches=2 elapsed=5.5m
[source=4 local=2/3] bp_matched round=2/3 min=9.30 coverage=1 branches=2 elapsed=5.7m
[source=4 local=2/3] bp_matched round=3/3 min=8.04 coverage=1 branches=2 elapsed=5.8m
[source=4 local=2/3] bp_full round=1/3 min=7.50 coverage=1 branches=2 elapsed=6.1m
[source=4 local=2/3] bp_full round=2/3 min=4.06 coverage=1 branches=2 elapsed=6.4m
[source=4 local=2/3] bp_full round=3/3 min=8.35 coverage=1 branches=2 elapsed=6.6m
[source=5 local=3/3] k3_1x300 round=1/3 min=47.83 coverage=0 branches=1 elapsed=7.0m
[source=5 local=3/3] k3_1x300 round=2/3 min=36.71 coverage=0 branches=1 elapsed=7.4m
[source=5 local=3/3] k3_1x300 round=3/3 min=28.88 coverage=0 branches=1 elapsed=7.7m
[source=5 local=3/3] k3_2x150 round=1/3 min=49.59 coverage=0 branches=2 elapsed=8.1m
[source=5 local=3/3] k3_2x150 round=2/3 min=41.90 coverage=0 branches=2 elapsed=8.4m
[source=5 local=3/3] k3_2x150 round=3/3 min=39.00 coverage=0 branches=2 elapsed=8.8m
[source=5 local=3/3] bp_matched round=1/3 min=68.19 coverage=0 branches=2 elapsed=8.9m
[source=5 local=3/3] bp_matched round=2/3 min=44.27 coverage=0 branches=2 elapsed=9.1m
[source=5 local=3/3] bp_matched round=3/3 min=29.64 coverage=0 branches=2 elapsed=9.3m
[source=5 local=3/3] bp_full round=1/3 min=51.81 coverage=0 branches=2 elapsed=9.6m
[source=5 local=3/3] bp_full round=2/3 min=35.78 coverage=0 branches=2 elapsed=10.0m
[source=5 local=3/3] bp_full round=3/3 min=25.81 coverage=0 branches=2 elapsed=10.4m
{
  "bp_full": {
    "consensus": {
      "mean_true": 100.44093069521001,
      "success": 0.3333333333333333
    },
    "k10": {
      "mean_true": 90.98961976123194,
      "success": 0.3333333333333333
    },
    "k3": {
      "mean_true": 100.44093069521001,
      "success": 0.3333333333333333
    },
    "oracle_union": {
      "mean_true": 78.64241152123432,
      "success": 0.3333333333333333
    },
    "primary": {
      "mean_true": 88.0937224552124,
      "success": 0.3333333333333333
    }
  },
  "bp_matched": {
    "consensus": {
      "mean_true": 94.58655285947907,
      "success": 0.3333333333333333
    },
    "k10": {
      "mean_true": 94.58655285947907,
      "success": 0.3333333333333333
    },
    "k3": {
      "mean_true": 94.83995295119585,
      "success": 0.3333333333333333
    },
    "oracle_union": {
      "mean_true": 93.8955411775172,
      "success": 0.3333333333333333
    },
    "primary": {
      "mean_true": 93.8955411775172,
      "success": 0.3333333333333333
    }
  },
  "k3_1x300": {
    "consensus": {
      "mean_true": 101.1798598070468,
      "success": 0.3333333333333333
    },
    "k10": {
      "mean_true": 101.1798598070468,
      "success": 0.3333333333333333
    },
    "k3": {
      "mean_true": 101.1798598070468,
      "success": 0.3333333333333333
    },
    "oracle_union": {
      "mean_true": 101.1798598070468,
      "success": 0.3333333333333333
    },
    "primary": {
      "mean_true": 101.1798598070468,
      "success": 0.3333333333333333
    }
  },
  "k3_2x150": {
    "consensus": {
      "mean_true": 103.66795223795607,
      "success": 0.3333333333333333
    },
    "k10": {
      "mean_true": 100.35539231713547,
      "success": 0.3333333333333333
    },
    "k3": {
      "mean_true": 104.00385103323906,
      "success": 0.3333333333333333
    },
    "oracle_union": {
      "mean_true": 100.35539231713547,
      "success": 0.3333333333333333
    },
    "primary": {
      "mean_true": 104.00385103323906,
      "success": 0.3333333333333333
    }
  }
}
branch-preserving result -> /225010117/logs/bp_oe_recursive_a100_20260720/formal_n12_r3_v1/shard_3_6.npz
